Aa River may refer to:

Aa (France), in northern France
Aa (Meuse), in North Brabant, Netherlands
Aa of Weerijs, in North Brabant, Netherlands
Drentsche Aa, a river in Groningen, Netherlands
Aabach (Greifensee), or Ustermer Aa, a river in Switzerland
Aabach (Afte), formerly called the Große Aa, a river in Germany
Aa, a river in Antwerp, Belgium which joins the Nete River

 Former names ==

Gauja, a river in Latvia, formerly known as Livländische Aa
Lielupe, a river in Latvia, formerly known as Kurländische Aa





